Checking Func x
Checking assignment types... 
Checking assignment types... 
Checking assignment types... 
Checking Func z
Checking assignment types... 
Get Expression Var Type...
