21
18
4
1002
1001
1000
1000
1000
1000
1000
1000
1005
1005
1006
1
0
12
11
1
0
